02-15 18:56:15.505 16658 16710 D OutputProcessor: thinking row=10 rowText='âœ» Cogitated for 9m 17s' status='Cogitated for 9m 17s'
02-15 18:56:15.693 16658 16706 D SshManager: Received 25 bytes: [9A[31mâœ¶[23;1H(B[m
02-15 18:56:15.695 16658 16711 D OutputProcessor: chunk len=23 type=INCREMENTAL: â‹[9Aâ‹[31mâœ¶â‹[23;1Hâ‹(Bâ‹[m
02-15 18:56:15.697 16658 16711 D OutputProcessor: thinking row=10 rowText='âœ» Cogitated for 9m 17s' status='Cogitated for 9m 17s'
02-15 18:56:15.701 16658 16711 D OutputProcessor: thinking row=10 rowText='âœ» Cogitated for 9m 17s' status='Cogitated for 9m 17s'
02-15 18:56:15.720 16658 16706 D SshManager: Received 25 bytes: [9A[31mâœ»[23;1H(B[m
02-15 18:56:15.722 16658 16711 D OutputProcessor: chunk len=23 type=INCREMENTAL: â‹[9Aâ‹[31mâœ»â‹[23;1Hâ‹(Bâ‹[m
02-15 18:56:15.722 16658 16711 D OutputProcessor: thinking row=10 rowText='âœ» Cogitated for 9m 17s' status='Cogitated for 9m 17s'
02-15 18:56:15.767 16658 16706 D SshManager: Received 107 bytes: [30m[42m\r\n[0] 0:zsh  1:claude- 2:claude*           "â ‚ Go and Chess Bot Te" 02:
02-15 18:56:15.770 16658 16709 D OutputProcessor: chunk len=105 type=TMUX_BAR: â‹[30mâ‹[42mââ†µ[0] 0:zsh  1:claude- 2:claude*           "â ‚ Go and Chess Bot Te" 02:56 16-Feb-26â‹(Bâ‹[mâ‹[23;1H
02-15 18:56:15.899 16658 16706 D SshManager: Received 25 bytes: [9A[31mâœ½[23;1H(B[m
02-15 18:56:15.903 16658 16709 D OutputProcessor: chunk len=23 type=INCREMENTAL: â‹[9Aâ‹[31mâœ½â‹[23;1Hâ‹(Bâ‹[m
02-15 18:56:15.905 16658 16709 D OutputProcessor: thinking row=10 rowText='âœ» Cogitated for 9m 17s' status='Cogitated for 9m 17s'
02-15 18:56:15.908 16658 16709 D OutputProcessor: thinking row=10 rowText='âœ» Cogitated for 9m 17s' status='Cogitated for 9m 17s'
02-15 18:56:16.205 16658 16706 D SshManager: Received 25 bytes: [9A[31mâœ»[23;1H(B[m
02-15 18:56:16.209 16658 16709 D OutputProcessor: chunk len=23 type=INCREMENTAL: â‹[9Aâ‹[31mâœ»â‹[23;1Hâ‹(Bâ‹[m
02-15 18:56:16.211 16658 16709 D OutputProcessor: thinking row=10 rowText='âœ» Cogitated for 9m 17s' status='Cogitated for 9m 17s'
02-15 18:56:16.215 16658 16709 D OutputProcessor: thinking row=10 rowText='âœ» Cogitated for 9m 17s' status='Cogitated for 9m 17s'
02-15 18:56:16.228 16658 16706 D SshManager: Received 25 bytes: [9A[31mâœ¶[23;1H(B[m
02-15 18:56:16.231 16658 16711 D OutputProcessor: chunk len=23 type=INCREMENTAL: â‹[9Aâ‹[31mâœ¶â‹[23;1Hâ‹(Bâ‹[m
02-15 18:56:16.232 16658 16711 D OutputProcessor: thinking row=10 rowText='âœ» Cogitated for 9m 17s' status='Cogitated for 9m 17s'
02-15 18:56:16.411 16658 16706 D SshManager: Received 23 bytes: [9A[31m*[23;1H(B[m
02-15 18:56:16.413 16658 16710 D OutputProcessor: chunk len=23 type=INCREMENTAL: â‹[9Aâ‹[31m*â‹[23;1Hâ‹(Bâ‹[m
02-15 18:56:16.413 16658 16710 D OutputProcessor: thinking row=10 rowText='âœ» Cogitated for 9m 17s' status='Cogitated for 9m 17s'
02-15 18:56:16.414 16658 16710 D OutputProcessor: thinking row=10 rowText='âœ» Cogitated for 9m 17s' status='Cogitated for 9m 17s'
02-15 18:56:16.449 16658 16706 D SshManager: Received 25 bytes: [9A[31mâœ¢[23;1H(B[m
02-15 18:56:16.452 16658 16711 D OutputProcessor: chunk len=23 type=INCREMENTAL: â‹[9Aâ‹[31mâœ¢â‹[23;1Hâ‹(Bâ‹[m
02-15 18:56:16.453 16658 16711 D OutputProcessor: thinking row=10 rowText='âœ» Cogitated for 9m 17s' status='Cogitated for 9m 17s'
02-15 18:56:16.613 16658 16706 D SshManager: Received 24 bytes: [9A[31mÂ·[23;1H(B[m
02-15 18:56:16.616 16658 16711 D OutputProcessor: chunk len=23 type=INCREMENTAL: â‹[9Aâ‹[31mÂ·â‹[23;1Hâ‹(Bâ‹[m
02-15 18:56:16.618 16658 16711 D OutputProcessor: thinking row=10 rowText='âœ» Cogitated for 9m 17s' status='Cogitated for 9m 17s'
02-15 18:56:16.625 16658 16711 D OutputProcessor: thinking row=10 rowText='âœ» Cogitated for 9m 17s' status='Cogitated for 9m 17s'
02-15 18:56:16.820 16658 16706 D SshManager: Received 107 bytes: [30m[42m\r\n[0] 0:zsh  1:claude- 2:claude*           "â  Go and Chess Bot Te" 02:
02-15 18:56:16.823 16658 16706 D SshManager: Received 25 bytes: [9A[31mâœ¢[23;1H(B[m
02-15 18:56:16.824 16658 16711 D OutputProcessor: chunk len=105 type=TMUX_BAR: â‹[30mâ‹[42mââ†µ[0] 0:zsh  1:claude- 2:claude*           "â  Go and Chess Bot Te" 02:56 16-Feb-26â‹(Bâ‹[mâ‹[23;1H
02-15 18:56:16.827 16658 16711 D OutputProcessor: chunk len=23 type=INCREMENTAL: â‹[9Aâ‹[31mâœ¢â‹[23;1Hâ‹(Bâ‹[m
02-15 18:56:16.828 16658 16711 D OutputProcessor: thinking row=10 rowText='âœ» Cogitated for 9m 17s' status='Cogitated for 9m 17s'
02-15 18:56:16.829 16658 16711 D OutputProcessor: thinking row=10 rowText='âœ» Cogitated for 9m 17s' status='Cogitated for 9m 17s'
02-15 18:56:16.950 16658 16706 D SshManager: Received 23 bytes: [9A[31m*[23;1H(B[m
02-15 18:56:16.952 16658 16711 D OutputProcessor: chunk len=23 type=INCREMENTAL: â‹[9Aâ‹[31m*â‹[23;1Hâ‹(Bâ‹[m
02-15 18:56:16.953 16658 16711 D OutputProcessor: thinking row=10 rowText='âœ» Cogitated for 9m 17s' status='Cogitated for 9m 17s'
02-15 18:56:16.955 16658 16711 D OutputProcessor: thinking row=10 rowText='âœ» Cogitated for 9m 17s' status='Cogitated for 9m 17s'
02-15 18:56:17.127 16658 16706 D SshManager: Received 25 bytes: [9A[31mâœ¶[23;1H(B[m
02-15 18:56:17.131 16658 16711 D OutputProcessor: chunk len=23 type=INCREMENTAL: â‹[9Aâ‹[31mâœ¶â‹[23;1Hâ‹(Bâ‹[m
02-15 18:56:17.133 16658 16711 D OutputProcessor: thinking row=10 rowText='âœ» Cogitated for 9m 17s' status='Cogitated for 9m 17s'
02-15 18:56:17.136 16658 16711 D OutputProcessor: thinking row=10 rowText='âœ» Cogitated for 9m 17s' status='Cogitated for 9m 17s'
02-15 18:56:17.229 16658 16706 D SshManager: Received 25 bytes: [9A[31mâœ»[23;1H(B[m
02-15 18:56:17.231 16658 16711 D OutputProcessor: chunk len=23 type=INCREMENTAL: â‹[9Aâ‹[31mâœ»â‹[23;1Hâ‹(Bâ‹[m
02-15 18:56:17.232 16658 16711 D OutputProcessor: thinking row=10 rowText='âœ» Cogitated for 9m 17s' status='Cogitated for 9m 17s'
02-15 18:56:17.235 16658 16711 D OutputProcessor: thinking row=10 rowText='âœ» Cogitated for 9m 17s' status='Cogitated for 9m 17s'
02-15 18:56:17.277 16658 16706 D SshManager: Received 25 bytes: [9A[31mâœ½[23;1H(B[m
02-15 18:56:17.278 16658 16711 D OutputProcessor: chunk len=23 type=INCREMENTAL: â‹[9Aâ‹[31mâœ½â‹[23;1Hâ‹(Bâ‹[m
02-15 18:56:17.278 16658 16711 D OutputProcessor: thinking row=10 rowText='âœ» Cogitated for 9m 17s' status='Cogitated for 9m 17s'
02-15 18:56:17.638 16658 16706 D SshManager: Received 25 bytes: [9A[31mâœ»[23;1H(B[m
02-15 18:56:17.641 16658 16709 D OutputProcessor: chunk len=23 type=INCREMENTAL: â‹[9Aâ‹[31mâœ»â‹[23;1Hâ‹(Bâ‹[m
02-15 18:56:17.642 16658 16709 D OutputProcessor: thinking row=10 rowText='âœ» Cogitated for 9m 17s' status='Cogitated for 9m 17s'
02-15 18:56:17.645 16658 16709 D OutputProcessor: thinking row=10 rowText='âœ» Cogitated for 9m 17s' status='Cogitated for 9m 17s'
02-15 18:56:17.663 16658 16706 D SshManager: Received 25 bytes: [9A[31mâœ¶[23;1H(B[m
02-15 18:56:17.663 16658 16709 D OutputProcessor: chunk len=23 type=INCREMENTAL: â‹[9Aâ‹[31mâœ¶â‹[23;1Hâ‹(Bâ‹[m
02-15 18:56:17.664 16658 16709 D OutputProcessor: thinking row=10 rowText='âœ» Cogitated for 9m 17s' status='Cogitated for 9m 17s'
02-15 18:56:17.694 16658 16706 D SshManager: Received 107 bytes: [30m[42m\r\n[0] 0:zsh  1:claude- 2:claude*           "â ‚ Go and Chess Bot Te" 02:
02-15 18:56:17.697 16658 16711 D OutputProcessor: chunk len=105 type=TMUX_BAR: â‹[30mâ‹[42mââ†µ[0] 0:zsh  1:claude- 2:claude*           "â ‚ Go and Chess Bot Te" 02:56 16-Feb-26â‹(Bâ‹[mâ‹[23;1H
02-15 18:56:17.847 16658 16706 D SshManager: Received 23 bytes: [9A[31m*[23;1H(B[m
02-15 18:56:17.848 16658 16711 D OutputProcessor: chunk len=23 type=INCREMENTAL: â‹[9Aâ‹[31m*â‹[23;1Hâ‹(Bâ‹[m
02-15 18:56:17.848 16658 16711 D OutputProcessor: thinking row=10 rowText='âœ» Cogitated for 9m 17s' status='Cogitated for 9m 17s'
02-15 18:56:17.850 16658 16711 D OutputProcessor: thinking row=10 rowText='âœ» Cogitated for 9m 17s' status='Cogitated for 9m 17s'
02-15 18:56:17.862 16658 16706 D SshManager: Received 25 bytes: [9A[31mâœ¢[23;1H(B[m
02-15 18:56:17.863 16658 16711 D OutputProcessor: chunk len=23 type=INCREMENTAL: â‹[9Aâ‹[31mâœ¢â‹[23;1Hâ‹(Bâ‹[m
02-15 18:56:17.863 16658 16711 D OutputProcessor: thinking row=10 rowText='âœ» Cogitated for 9m 17s' status='Cogitated for 9m 17s'
02-15 18:56:18.049 16658 16706 D SshManager: Received 24 bytes: [9A[31mÂ·[23;1H(B[m
02-15 18:56:18.050 16658 16709 D OutputProcessor: chunk len=23 type=INCREMENTAL: â‹[9Aâ‹[31mÂ·â‹[23;1Hâ‹(Bâ‹[m
02-15 18:56:18.051 16658 16709 D OutputProcessor: thinking row=10 rowText='âœ» Cogitated for 9m 17s' status='Cogitated for 9m 17s'
02-15 18:56:18.052 16658 16709 D OutputProcessor: thinking row=10 rowText='âœ» Cogitated for 9m 17s' status='Cogitated for 9m 17s'
02-15 18:56:18.252 16658 16706 D SshManager: Received 25 bytes: [9A[31mâœ¢[23;1H(B[m
02-15 18:56:18.254 16658 16710 D OutputProcessor: chunk len=23 type=INCREMENTAL: â‹[9Aâ‹[31mâœ¢â‹[23;1Hâ‹(Bâ‹[m
02-15 18:56:18.254 16658 16710 D OutputProcessor: thinking row=10 rowText='âœ» Cogitated for 9m 17s' status='Cogitated for 9m 17s'
02-15 18:56:18.255 16658 16710 D OutputProcessor: thinking row=10 rowText='âœ» Cogitated for 9m 17s' status='Cogitated for 9m 17s'
02-15 18:56:18.462 16658 16706 D SshManager: Received 23 bytes: [9A[31m*[23;1H(B[m
02-15 18:56:18.467 16658 16710 D OutputProcessor: chunk len=23 type=INCREMENTAL: â‹[9Aâ‹[31m*â‹[23;1Hâ‹(Bâ‹[m
02-15 18:56:18.469 16658 16710 D OutputProcessor: thinking row=10 rowText='âœ» Cogitated for 9m 17s' status='Cogitated for 9m 17s'
02-15 18:56:18.472 16658 16710 D OutputProcessor: thinking row=10 rowText='âœ» Cogitated for 9m 17s' status='Cogitated for 9m 17s'
02-15 18:56:18.475 16658 16706 D SshManager: Received 25 bytes: [9A[31mâœ¶[23;1H(B[m
02-15 18:56:18.477 16658 16710 D OutputProcessor: chunk len=23 type=INCREMENTAL: â‹[9Aâ‹[31mâœ¶â‹[23;1Hâ‹(Bâ‹[m
02-15 18:56:18.477 16658 16710 D OutputProcessor: thinking row=10 rowText='âœ» Cogitated for 9m 17s' status='Cogitated for 9m 17s'
02-15 18:56:18.663 16658 16706 D SshManager: Received 25 bytes: [9A[31mâœ»[23;1H(B[m
02-15 18:56:18.667 16658 16709 D OutputProcessor: chunk len=23 type=INCREMENTAL: â‹[9Aâ‹[31mâœ»â‹[23;1Hâ‹(Bâ‹[m
02-15 18:56:18.669 16658 16709 D OutputProcessor: thinking row=10 rowText='âœ» Cogitated for 9m 17s' status='Cogitated for 9m 17s'
02-15 18:56:18.670 16658 16706 D SshManager: Received 107 bytes: [30m[42m\r\n[0] 0:zsh  1:claude- 2:claude*           "â  Go and Chess Bot Te" 02:
02-15 18:56:18.673 16658 16709 D OutputProcessor: thinking row=10 rowText='âœ» Cogitated for 9m 17s' status='Cogitated for 9m 17s'
02-15 18:56:18.678 16658 16709 D OutputProcessor: chunk len=105 type=TMUX_BAR: â‹[30mâ‹[42mââ†µ[0] 0:zsh  1:claude- 2:claude*           "â  Go and Chess Bot Te" 02:56 16-Feb-26â‹(Bâ‹[mâ‹[23;1H
02-15 18:56:18.711 16658 16706 D SshManager: Received 25 bytes: [9A[31mâœ½[23;1H(B[m
02-15 18:56:18.712 16658 16709 D OutputProcessor: chunk len=23 type=INCREMENTAL: â‹[9Aâ‹[31mâœ½â‹[23;1Hâ‹(Bâ‹[m
02-15 18:56:18.712 16658 16709 D OutputProcessor: thinking row=10 rowText='âœ» Cogitated for 9m 17s' status='Cogitated for 9m 17s'
02-15 18:56:18.971 16658 16706 D SshManager: Received 25 bytes: [9A[31mâœ»[23;1H(B[m
02-15 18:56:18.975 16658 16679 D OutputProcessor: chunk len=23 type=INCREMENTAL: â‹[9Aâ‹[31mâœ»â‹[23;1Hâ‹(Bâ‹[m
02-15 18:56:18.977 16658 16679 D OutputProcessor: thinking row=10 rowText='âœ» Cogitated for 9m 17s' status='Cogitated for 9m 17s'
02-15 18:56:18.980 16658 16679 D OutputProcessor: thinking row=10 rowText='âœ» Cogitated for 9m 17s' status='Cogitated for 9m 17s'
02-15 18:56:19.072 16658 16706 D SshManager: Received 25 bytes: [9A[31mâœ¶[23;1H(B[m
02-15 18:56:19.075 16658 16679 D OutputProcessor: chunk len=23 type=INCREMENTAL: â‹[9Aâ‹[31mâœ¶â‹[23;1Hâ‹(Bâ‹[m
02-15 18:56:19.075 16658 16679 D OutputProcessor: thinking row=10 rowText='âœ» Cogitated for 9m 17s' status='Cogitated for 9m 17s'
02-15 18:56:19.075 16658 16679 D OutputProcessor: thinking row=10 rowText='âœ» Cogitated for 9m 17s' status='Cogitated for 9m 17s'
02-15 18:56:19.278 16658 16706 D SshManager: Received 23 bytes: [9A[31m*[23;1H(B[m
02-15 18:56:19.282 16658 16679 D OutputProcessor: chunk len=23 type=INCREMENTAL: â‹[9Aâ‹[31m*â‹[23;1Hâ‹(Bâ‹[m
02-15 18:56:19.283 16658 16679 D OutputProcessor: thinking row=10 rowText='âœ» Cogitated for 9m 17s' status='Cogitated for 9m 17s'
02-15 18:56:19.285 16658 16679 D OutputProcessor: thinking row=10 rowText='âœ» Cogitated for 9m 17s' status='Cogitated for 9m 17s'
02-15 18:56:19.302 16658 16706 D SshManager: Received 25 bytes: [9A[31mâœ¢[23;1H(B[m
02-15 18:56:19.305 16658 16679 D OutputProcessor: chunk len=23 type=INCREMENTAL: â‹[9Aâ‹[31mâœ¢â‹[23;1Hâ‹(Bâ‹[m
02-15 18:56:19.306 16658 16679 D OutputProcessor: thinking row=10 rowText='âœ» Cogitated for 9m 17s' status='Cogitated for 9m 17s'
02-15 18:56:19.483 16658 16706 D SshManager: Received 24 bytes: [9A[31mÂ·[23;1H(B[m
02-15 18:56:19.486 16658 16710 D OutputProcessor: chunk len=23 type=INCREMENTAL: â‹[9Aâ‹[31mÂ·â‹[23;1Hâ‹(Bâ‹[m
02-15 18:56:19.487 16658 16710 D OutputProcessor: thinking row=10 rowText='âœ» Cogitated for 9m 17s' status='Cogitated for 9m 17s'
02-15 18:56:19.489 16658 16710 D OutputProcessor: thinking row=10 rowText='âœ» Cogitated for 9m 17s' status='Cogitated for 9m 17s'
02-15 18:56:19.688 16658 16706 D SshManager: Received 107 bytes: [30m[42m\r\n[0] 0:zsh  1:claude- 2:claude*           "â ‚ Go and Chess Bot Te" 02:
02-15 18:56:19.689 16658 16706 D SshManager: Received 25 bytes: [9A[31mâœ¢[23;1H(B[m
02-15 18:56:19.691 16658 16710 D OutputProcessor: chunk len=105 type=TMUX_BAR: â‹[30mâ‹[42mââ†µ[0] 0:zsh  1:claude- 2:claude*           "â ‚ Go and Chess Bot Te" 02:56 16-Feb-26â‹(Bâ‹[mâ‹[23;1H
02-15 18:56:19.697 16658 16710 D OutputProcessor: chunk len=23 type=INCREMENTAL: â‹[9Aâ‹[31mâœ¢â‹[23;1Hâ‹(Bâ‹[m
02-15 18:56:19.698 16658 16710 D OutputProcessor: thinking row=10 rowText='âœ» Cogitated for 9m 17s' status='Cogitated for 9m 17s'
02-15 18:56:19.700 16658 16710 D OutputProcessor: thinking row=10 rowText='âœ» Cogitated for 9m 17s' status='Cogitated for 9m 17s'
02-15 18:56:19.951 16658 16706 D SshManager: Received 25 bytes: [9A[31mâœ¶[23;1H(B[m
02-15 18:56:19.953 16658 16679 D OutputProcessor: chunk len=23 type=INCREMENTAL: â‹[9Aâ‹[31mâœ¶â‹[23;1Hâ‹(Bâ‹[m
02-15 18:56:19.954 16658 16679 D OutputProcessor: thinking row=10 rowText='âœ» Cogitated for 9m 17s' status='Cogitated for 9m 17s'
02-15 18:56:19.955 16658 16679 D OutputProcessor: thinking row=10 rowText='âœ» Cogitated for 9m 17s' status='Cogitated for 9m 17s'
02-15 18:56:20.096 16658 16706 D SshManager: Received 25 bytes: [9A[31mâœ»[23;1H(B[m
02-15 18:56:20.098 16658 16679 D OutputProcessor: chunk len=23 type=INCREMENTAL: â‹[9Aâ‹[31mâœ»â‹[23;1Hâ‹(Bâ‹[m
02-15 18:56:20.098 16658 16679 D OutputProcessor: thinking row=10 rowText='âœ» Cogitated for 9m 17s' status='Cogitated for 9m 17s'
02-15 18:56:20.098 16658 16679 D OutputProcessor: thinking row=10 rowText='âœ» Cogitated for 9m 17s' status='Cogitated for 9m 17s'
02-15 18:56:20.132 16658 16706 D SshManager: Received 25 bytes: [9A[31mâœ½[23;1H(B[m
02-15 18:56:20.135 16658 16679 D OutputProcessor: chunk len=23 type=INCREMENTAL: â‹[9Aâ‹[31mâœ½â‹[23;1Hâ‹(Bâ‹[m
02-15 18:56:20.136 16658 16679 D OutputProcessor: thinking row=10 rowText='âœ» Cogitated for 9m 17s' status='Cogitated for 9m 17s'
02-15 18:56:20.518 16658 16706 D SshManager: Received 25 bytes: [9A[31mâœ»[23;1H(B[m
02-15 18:56:20.522 16658 16679 D OutputProcessor: chunk len=23 type=INCREMENTAL: â‹[9Aâ‹[31mâœ»â‹[23;1Hâ‹(Bâ‹[m
02-15 18:56:20.524 16658 16679 D OutputProcessor: thinking row=10 rowText='âœ» Cogitated for 9m 17s' status='Cogitated for 9m 17s'
02-15 18:56:20.527 16658 16679 D OutputProcessor: thinking row=10 rowText='âœ» Cogitated for 9m 17s' status='Cogitated for 9m 17s'
02-15 18:56:20.536 16658 16706 D SshManager: Received 25 bytes: [9A[31mâœ¶[23;1H(B[m
02-15 18:56:20.537 16658 16679 D OutputProcessor: chunk len=23 type=INCREMENTAL: â‹[9Aâ‹[31mâœ¶â‹[23;1Hâ‹(Bâ‹[m
02-15 18:56:20.538 16658 16679 D OutputProcessor: thinking row=10 rowText='âœ» Cogitated for 9m 17s' status='Cogitated for 9m 17s'
02-15 18:56:20.586 16658 16706 D SshManager: Received 107 bytes: [30m[42m\r\n[0] 0:zsh  1:claude- 2:claude*           "â  Go and Chess Bot Te" 02:
02-15 18:56:20.590 16658 16709 D OutputProcessor: chunk len=105 type=TMUX_BAR: â‹[30mâ‹[42mââ†µ[0] 0:zsh  1:claude- 2:claude*           "â  Go and Chess Bot Te" 02:56 16-Feb-26â‹(Bâ‹[mâ‹[23;1H
02-15 18:56:20.708 16658 16706 D SshManager: Received 23 bytes: [9A[31m*[23;1H(B[m
02-15 18:56:20.710 16658 16709 D OutputProcessor: chunk len=23 type=INCREMENTAL: â‹[9Aâ‹[31m*â‹[23;1Hâ‹(Bâ‹[m
02-15 18:56:20.712 16658 16709 D OutputProcessor: thinking row=10 rowText='âœ» Cogitated for 9m 17s' status='Cogitated for 9m 17s'
02-15 18:56:20.714 16658 16709 D OutputProcessor: thinking row=10 rowText='âœ» Cogitated for 9m 17s' status='Cogitated for 9m 17s'
02-15 18:56:21.323 16658 16706 D SshManager: Received 43 bytes: [9A[31mÂ·[C[33mPerusingâ€¦[23;1H(B[m
02-15 18:56:21.323 16658 16706 D SshManager: Received 37 bytes: [9A[31m*[CPerusingâ€¦[23;1H(B[m
02-15 18:56:21.326 16658 16709 D OutputProcessor: chunk len=40 type=INCREMENTAL: â‹[9Aâ‹[31mÂ·â‹[Câ‹[33mPerusingâ€¦â‹[23;1Hâ‹(Bâ‹[m
02-15 18:56:21.327 16658 16709 D OutputProcessor: thinking row=10 rowText='âœ» Cogitated for 9m 17s' status='Cogitated for 9m 17s'
02-15 18:56:21.330 16658 16709 D OutputProcessor: thinking row=10 rowText='âœ» Cogitated for 9m 17s' status='Cogitated for 9m 17s'
02-15 18:56:21.337 16658 16709 D OutputProcessor: chunk len=35 type=INCREMENTAL: â‹[9Aâ‹[31m*â‹[CPerusingâ€¦â‹[23;1Hâ‹(Bâ‹[m
02-15 18:56:21.337 16658 16709 D OutputProcessor: thinking row=10 rowText='âœ» Cogitated for 9m 17s' status='Cogitated for 9m 17s'
02-15 18:56:21.633 16658 16706 D SshManager: Received 1582 bytes: [9A[37mâ—[C[39m[1mBash(B[m(RUN_SLOW_TESTS=1[Cuv[Crun[Cpytest[Ctests/te
02-15 18:56:21.634 16658 16706 D SshManager: Received 25 bytes: [9A[31mâœ»[23;1H(B[m
02-15 18:56:21.634 16658 16706 D SshManager: Received 107 bytes: [30m[42m\r\n[0] 0:zsh  1:claude- 2:claude*           "â ‚ Go and Chess Bot Te" 02:
02-15 18:56:21.634 16658 16710 D OutputProcessor: chunk len=1245 type=FULL_REDRAW: â‹[9Aâ‹[37mâ—â‹[Câ‹[39mâ‹[1mBashâ‹(Bâ‹[m(RUN_SLOW_TESTS=1â‹[Cuvâ‹[Crunâ‹[Cpytestâ‹[Ctests/test_simulator.py::TestChessFullGameâ‹[15;8Htests/test_simulator.py::TestGoFullGameâ‹[C-vâ‹[C-sâ‹[C2>&1)ââ†µ  â¿ Â â‹[37mRunningâ€¦â‹[
02-15 18:56:21.636 16658 16710 D OutputProcessor: thinking row=7 rowText='âœ» Cogitated for 9m 17s' status='Cogitated for 9m 17s'
02-15 18:56:21.640 16658 16706 D SshManager: Received 25 bytes: [9A[31mâœ½[23;1H(B[m
02-15 18:56:21.644 16658 16710 V OutputProcessor: filter DEDUP: '  Test isolation:'
02-15 18:56:21.644 16658 16710 V OutputProcessor: filter DEDUP: '  - Full self-play tests skip by default'
02-15 18:56:21.644 16658 16710 V OutputProcessor: filter DEDUP: '  (@unittest.skipUnless(os.environ.get("RUN_SLOW_TESTS")))'
02-15 18:56:21.645 16658 16710 V OutputProcessor: filter DEDUP: '  - Run with RUN_SLOW_TESTS=1 uv run pytest tests/test_simulator.py -v'
02-15 18:56:21.645 16658 16710 V OutputProcessor: filter DEDUP: '  - Normal test suite: 43 pass + 2 skipped in ~9s'
02-15 18:56:21.645 16658 16710 V OutputProcessor: buffer PROMPT: 'â¯ ok, lets try the slow tests again  '
02-15 18:56:21.645 16658 16710 V OutputProcessor: buffer PROMPT: 'â¯ ok, lets try the slow tests again  '
02-15 18:56:21.645 16658 16710 V OutputProcessor: filter FENCE: '                                         â”€                                    â”€â”€'
02-15 18:56:21.646 16658 16710 D OutputProcessor: emit: 'â— Bash(RUN_SLOW_TESTS=1 uv run pytest tests/test_simulator.py::TestChessFullGame'
02-15 18:56:21.646 16658 16710 D OutputProcessor: emit: '   erustests/test_simulator.py::TestGoFullGame -v -s 2>&1)'
02-15 18:56:21.646 16658 16710 D OutputProcessor: emit: '  â¿ Â Runningâ€¦'
02-15 18:56:21.646 16658 16710 D OutputProcessor: chunk len=23 type=INCREMENTAL: â‹[9Aâ‹[31mâœ»â‹[23;1Hâ‹(Bâ‹[m
02-15 18:56:21.646 16658 16710 D OutputProcessor: thinking row=7 rowText='âœ» Cogitated for 9m 17s' status='Cogitated for 9m 17s'
02-15 18:56:21.647 16658 16710 D OutputProcessor: chunk len=105 type=TMUX_BAR: â‹[30mâ‹[42mââ†µ[0] 0:zsh  1:claude- 2:claude*           "â ‚ Go and Chess Bot Te" 02:56 16-Feb-26â‹(Bâ‹[mâ‹[23;1H
02-15 18:56:21.649 16658 16710 D OutputProcessor: chunk len=23 type=INCREMENTAL: â‹[9Aâ‹[31mâœ½â‹[23;1Hâ‹(Bâ‹[m
02-15 18:56:21.649 16658 16710 D OutputProcessor: thinking row=7 rowText='âœ» Cogitated for 9m 17s' status='Cogitated for 9m 17s'
02-15 18:56:22.056 16658 16706 D SshManager: Received 1194 bytes: [9A[97mâ”€â”€â”€â”€â”€â”€â”€â”€â”€â”€â”€â”€â”€â”€â”€â”€â”€â”€â”€â”€â”€â”€â”€â”€â”€â”€â”€â”€â”€â”€â”€â”€â”€â”€â”€â”€â”€â”€â”€â”€â”€â”€â”€â”€â”€â”€â”€â”€â”€â”€â”€â”€â”€â”€â”€â”€â”€â”€â”€â”€â”€â”€â”€â”€â”€â”€â”€â”€â”€â”€â”€
02-15 18:56:22.057 16658 16706 D SshManager: Received 107 bytes: [30m[42m\r\n[0] 0:zsh  1:claude- 2:claude*           "âœ³ Go and Chess Bot Te" 02:
02-15 18:56:22.061 16658 16679 D OutputProcessor: chunk len=1030 type=FULL_REDRAW: â‹[9Aâ‹[97mâ”€â”€â”€â”€â”€â”€â”€â”€â”€â”€â”€â”€â”€â”€â”€â”€â”€â”€â”€â”€â”€â”€â”€â”€â”€â”€â”€â”€â”€â”€â”€â”€â”€â”€â”€â”€â”€â”€â”€â”€â”€â”€â”€â”€â”€â”€â”€â”€â”€â”€â”€â”€â”€â”€â”€â”€â”€â”€â”€â”€â”€â”€â”€â”€â”€â”€â”€â”€â”€â”€â”€â”€â”€â”€â”€â”€â”€â”€â”€â”€â‹[15;2Hâ‹[1mBash commandââ†µâ‹(Bâ‹[m                                                                                
02-15 18:56:22.070 16658 16679 D OutputProcessor: thinking row=3 rowText='âœ» Cogitated for 9m 17s' status='Cogitated for 9m 17s'
02-15 18:56:22.076 16658 16679 V OutputProcessor: filter DEDUP: '  - Run with RUN_SLOW_TESTS=1 uv run pytest tests/test_simulator.py -v'
02-15 18:56:22.076 16658 16679 V OutputProcessor: filter DEDUP: '  - Normal test suite: 43 pass + 2 skipped in ~9s'
02-15 18:56:22.076 16658 16679 V OutputProcessor: buffer PROMPT: 'â¯ ok, lets try the slow tests again  '
02-15 18:56:22.076 16658 16679 V OutputProcessor: buffer PROMPT: 'â¯ ok, lets try the slow tests again  '
02-15 18:56:22.077 16658 16679 V OutputProcessor: filter DEDUP: 'â— Bash(RUN_SLOW_TESTS=1 uv run pytest tests/test_simulator.py::TestChessFullGame'
02-15 18:56:22.077 16658 16679 V OutputProcessor: filter DEDUP: '   erustests/test_simulator.py::TestGoFullGame -v -s 2>&1)'
02-15 18:56:22.077 16658 16679 V OutputProcessor: filter DEDUP: '  â¿ Â Runningâ€¦'
02-15 18:56:22.077 16658 16679 V OutputProcessor: filter FENCE: 'â”€â”€â”€â”€â”€â”€â”€â”€â”€â”€â”€â”€â”€â”€â”€â”€â”€â”€â”€â”€â”€â”€â”€â”€â”€â”€â”€â”€â”€â”€â”€â”€â”€â”€â”€â”€â”€â”€â”€â”€â”€â”€â”€â”€â”€â”€â”€â”€â”€â”€â”€â”€â”€â”€â”€â”€â”€â”€â”€â”€â”€â”€â”€â”€â”€â”€â”€â”€â”€â”€â”€â”€â”€â”€â”€â”€â”€â”€â”€â”€'
02-15 18:56:22.078 16658 16679 V OutputProcessor: filter STATUS_INFO: '                                  ciety | Context left until auto-compact: 10%'
02-15 18:56:22.078 16658 16679 D OutputProcessor: emit: '   RUN_SLOW_TESTS=1â”€uvâ”€runâ”€pytestâ”€tests/test_simulator.py::TestChessFullGameâ”€â”€â”€â”€'
02-15 18:56:22.078 16658 16679 D OutputProcessor: emit: '   tests/test_simulator.py::TestGoFullGame -v -s 2>&1'
02-15 18:56:22.078 16658 16679 D OutputProcessor: emit: 'â”€â”€ Run both slow self-play tests         â”€                                    â”€â”€'
02-15 18:56:22.078 16658 16679 D OutputProcessor: emit: ' Do you want to proceed?'
02-15 18:56:22.079 16658 16679 D OutputProcessor: chunk len=105 type=TMUX_BAR: â‹[30mâ‹[42mââ†µ[0] 0:zsh  1:claude- 2:claude*           "âœ³ Go and Chess Bot Te" 02:56 16-Feb-26â‹(Bâ‹[mâ‹[23;1H