02-15 18:36:03.759 14011 14398 D OutputProcessor: chunk len=36 type=INCREMENTAL: â‹[10;3Hâ‹[33mFermentingâ€¦â‹[19;1Hâ‹(Bâ‹[m
02-15 18:36:03.761 14011 14398 D OutputProcessor: thinking row=9 rowText='âœ¶ Fermentingâ€¦ (6m 35s Â· â†“ 6.6k tokens)' status='Fermentingâ€¦ (6m 35s Â· â†“ 6.6k tokens)'
02-15 18:36:03.764 14011 14398 D OutputProcessor: thinking row=9 rowText='âœ¶ Fermentingâ€¦ (6m 35s Â· â†“ 6.6k tokens)' status='Fermentingâ€¦ (6m 35s Â· â†“ 6.6k tokens)'
02-15 18:36:03.827 14011 14455 D SshManager: Received 23 bytes: [9A[31m*[19;1H(B[m
02-15 18:36:03.831 14011 14398 D OutputProcessor: chunk len=23 type=INCREMENTAL: â‹[9Aâ‹[31m*â‹[19;1Hâ‹(Bâ‹[m
02-15 18:36:03.832 14011 14398 D OutputProcessor: thinking row=9 rowText='* Fermentingâ€¦ (6m 35s Â· â†“ 6.6k tokens)' status='Fermentingâ€¦ (6m 35s Â· â†“ 6.6k tokens)'
02-15 18:36:03.962 14011 14455 D SshManager: Received 23 bytes: [5d[37m [19;1H(B[m
02-15 18:36:03.963 14011 14455 D SshManager: Received 25 bytes: [9A[31mâœ¢[19;1H(B[m
02-15 18:36:03.964 14011 14617 D OutputProcessor: chunk len=23 type=INCREMENTAL: â‹[5dâ‹[37m â‹[19;1Hâ‹(Bâ‹[m
02-15 18:36:03.964 14011 14617 D OutputProcessor: thinking row=9 rowText='* Fermentingâ€¦ (6m 35s Â· â†“ 6.6k tokens)' status='Fermentingâ€¦ (6m 35s Â· â†“ 6.6k tokens)'
02-15 18:36:03.966 14011 14617 D OutputProcessor: thinking row=9 rowText='* Fermentingâ€¦ (6m 35s Â· â†“ 6.6k tokens)' status='Fermentingâ€¦ (6m 35s Â· â†“ 6.6k tokens)'
02-15 18:36:03.969 14011 14617 D OutputProcessor: chunk len=23 type=INCREMENTAL: â‹[9Aâ‹[31mâœ¢â‹[19;1Hâ‹(Bâ‹[m
02-15 18:36:03.970 14011 14617 D OutputProcessor: thinking row=9 rowText='âœ¢ Fermentingâ€¦ (6m 35s Â· â†“ 6.6k tokens)' status='Fermentingâ€¦ (6m 35s Â· â†“ 6.6k tokens)'
02-15 18:36:04.380 14011 14455 D SshManager: Received 110 bytes: [30m[42m[24d[0] 0:zsh  1:claude- 2:claude*           "â  Go and Chess Bot Te" 
02-15 18:36:04.381 14011 14455 D SshManager: Received 38 bytes: [10;3H[93mFermentingâ€¦[19;1H(B[m
02-15 18:36:04.383 14011 14032 D OutputProcessor: chunk len=108 type=TMUX_BAR: â‹[30mâ‹[42mâ‹[24d[0] 0:zsh  1:claude- 2:claude*           "â  Go and Chess Bot Te" 02:36 16-Feb-26â‹(Bâ‹[mâ‹[19;1H
02-15 18:36:04.389 14011 14032 D OutputProcessor: chunk len=36 type=INCREMENTAL: â‹[10;3Hâ‹[93mFermentingâ€¦â‹[19;1Hâ‹(Bâ‹[m
02-15 18:36:04.390 14011 14032 D OutputProcessor: thinking row=9 rowText='âœ¢ Fermentingâ€¦ (6m 35s Â· â†“ 6.6k tokens)' status='Fermentingâ€¦ (6m 35s Â· â†“ 6.6k tokens)'
02-15 18:36:04.392 14011 14032 D OutputProcessor: thinking row=9 rowText='âœ¢ Fermentingâ€¦ (6m 35s Â· â†“ 6.6k tokens)' status='Fermentingâ€¦ (6m 35s Â· â†“ 6.6k tokens)'
02-15 18:36:04.577 14011 14455 D SshManager: Received 26 bytes: [7;17H[37m1[19;1H(B[m
02-15 18:36:04.577 14011 14455 D SshManager: Received 63 bytes: [5d[37mâ—[10;1H[31m*[19;1H(B[m[9A[31mâœ¶[19;1H(B[m
02-15 18:36:04.578 14011 14032 D OutputProcessor: chunk len=26 type=INCREMENTAL: â‹[7;17Hâ‹[37m1â‹[19;1Hâ‹(Bâ‹[m
02-15 18:36:04.578 14011 14032 D OutputProcessor: thinking row=9 rowText='âœ¢ Fermentingâ€¦ (6m 35s Â· â†“ 6.6k tokens)' status='Fermentingâ€¦ (6m 35s Â· â†“ 6.6k tokens)'
02-15 18:36:04.579 14011 14032 D OutputProcessor: thinking row=9 rowText='âœ¢ Fermentingâ€¦ (6m 35s Â· â†“ 6.6k tokens)' status='Fermentingâ€¦ (6m 35s Â· â†“ 6.6k tokens)'
02-15 18:36:04.582 14011 14032 D OutputProcessor: emit: '  â¿ Â Runningâ€¦ (11s Â· timeout 10m)'
02-15 18:36:04.583 14011 14032 D OutputProcessor: chunk len=59 type=INCREMENTAL: â‹[5dâ‹[37mâ—â‹[10;1Hâ‹[31m*â‹[19;1Hâ‹(Bâ‹[mâ‹[9Aâ‹[31mâœ¶â‹[19;1Hâ‹(Bâ‹[m
02-15 18:36:04.584 14011 14032 D OutputProcessor: thinking row=9 rowText='âœ¶ Fermentingâ€¦ (6m 35s Â· â†“ 6.6k tokens)' status='Fermentingâ€¦ (6m 35s Â· â†“ 6.6k tokens)'
02-15 18:36:04.607 14011 14455 D SshManager: Received 27 bytes: [10;20H[37m6[19;1H(B[m
02-15 18:36:04.610 14011 14617 D OutputProcessor: chunk len=27 type=INCREMENTAL: â‹[10;20Hâ‹[37m6â‹[19;1Hâ‹(Bâ‹[m
02-15 18:36:04.611 14011 14617 D OutputProcessor: thinking row=9 rowText='âœ¶ Fermentingâ€¦ (6m 36s Â· â†“ 6.6k tokens)' status='Fermentingâ€¦ (6m 36s Â· â†“ 6.6k tokens)'
02-15 18:36:04.781 14011 14455 D SshManager: Received 25 bytes: [9A[31mâœ»[19;1H(B[m
02-15 18:36:04.785 14011 14034 D OutputProcessor: chunk len=23 type=INCREMENTAL: â‹[9Aâ‹[31mâœ»â‹[19;1Hâ‹(Bâ‹[m
02-15 18:36:04.787 14011 14034 D OutputProcessor: thinking row=9 rowText='âœ» Fermentingâ€¦ (6m 36s Â· â†“ 6.6k tokens)' status='Fermentingâ€¦ (6m 36s Â· â†“ 6.6k tokens)'
02-15 18:36:04.789 14011 14034 D OutputProcessor: thinking row=9 rowText='âœ» Fermentingâ€¦ (6m 36s Â· â†“ 6.6k tokens)' status='Fermentingâ€¦ (6m 36s Â· â†“ 6.6k tokens)'
02-15 18:36:04.807 14011 14455 D SshManager: Received 46 bytes: [9A[31mâœ½[C[33mFermentingâ€¦[19;1H(B[m
02-15 18:36:04.809 14011 14034 D OutputProcessor: chunk len=42 type=INCREMENTAL: â‹[9Aâ‹[31mâœ½â‹[Câ‹[33mFermentingâ€¦â‹[19;1Hâ‹(Bâ‹[m
02-15 18:36:04.810 14011 14034 D OutputProcessor: thinking row=9 rowText='âœ½ Fermentingâ€¦ (6m 36s Â· â†“ 6.6k tokens)' status='Fermentingâ€¦ (6m 36s Â· â†“ 6.6k tokens)'
02-15 18:36:05.643 14011 14455 D SshManager: Received 110 bytes: [30m[42m[24d[0] 0:zsh  1:claude- 2:claude*           "â ‚ Go and Chess Bot Te" 
02-15 18:36:05.644 14011 14455 D SshManager: Received 89 bytes: [9A[31m*[CFermentingâ€¦[19;1H(B[m[7;17H[37m2[19;1H(B[m[9A[31mÂ·[19;1H
02-15 18:36:05.647 14011 14034 D OutputProcessor: chunk len=108 type=TMUX_BAR: â‹[30mâ‹[42mâ‹[24d[0] 0:zsh  1:claude- 2:claude*           "â ‚ Go and Chess Bot Te" 02:36 16-Feb-26â‹(Bâ‹[mâ‹[19;1H
02-15 18:36:05.654 14011 14034 D OutputProcessor: chunk len=86 type=INCREMENTAL: â‹[9Aâ‹[31m*â‹[CFermentingâ€¦â‹[19;1Hâ‹(Bâ‹[mâ‹[7;17Hâ‹[37m2â‹[19;1Hâ‹(Bâ‹[mâ‹[9Aâ‹[31mÂ·â‹[19;1Hâ‹(Bâ‹[m
02-15 18:36:05.655 14011 14034 D OutputProcessor: thinking row=9 rowText='Â· Fermentingâ€¦ (6m 36s Â· â†“ 6.6k tokens)' status='Fermentingâ€¦ (6m 36s Â· â†“ 6.6k tokens)'
02-15 18:36:05.663 14011 14034 D OutputProcessor: emit: '  â¿ Â Runningâ€¦ (12s Â· timeout 10m)'
02-15 18:36:05.700 14011 14455 D SshManager: Received 27 bytes: [10;20H[37m7[19;1H(B[m
02-15 18:36:05.703 14011 14034 D OutputProcessor: chunk len=27 type=INCREMENTAL: â‹[10;20Hâ‹[37m7â‹[19;1Hâ‹(Bâ‹[m
02-15 18:36:05.705 14011 14034 D OutputProcessor: thinking row=9 rowText='Â· Fermentingâ€¦ (6m 37s Â· â†“ 6.6k tokens)' status='Fermentingâ€¦ (6m 37s Â· â†“ 6.6k tokens)'
02-15 18:36:05.804 14011 14455 D SshManager: Received 46 bytes: [9A[31mâœ¢[C[33mFermentingâ€¦[19;1H(B[m
02-15 18:36:05.806 14011 14617 D OutputProcessor: chunk len=42 type=INCREMENTAL: â‹[9Aâ‹[31mâœ¢â‹[Câ‹[33mFermentingâ€¦â‹[19;1Hâ‹(Bâ‹[m
02-15 18:36:05.806 14011 14617 D OutputProcessor: thinking row=9 rowText='âœ¢ Fermentingâ€¦ (6m 37s Â· â†“ 6.6k tokens)' status='Fermentingâ€¦ (6m 37s Â· â†“ 6.6k tokens)'
02-15 18:36:05.807 14011 14617 D OutputProcessor: thinking row=9 rowText='âœ¢ Fermentingâ€¦ (6m 37s Â· â†“ 6.6k tokens)' status='Fermentingâ€¦ (6m 37s Â· â†“ 6.6k tokens)'
02-15 18:36:05.906 14011 14455 D SshManager: Received 23 bytes: [9A[31m*[19;1H(B[m
02-15 18:36:05.911 14011 14032 D OutputProcessor: chunk len=23 type=INCREMENTAL: â‹[9Aâ‹[31m*â‹[19;1Hâ‹(Bâ‹[m
02-15 18:36:05.911 14011 14032 D OutputProcessor: thinking row=9 rowText='* Fermentingâ€¦ (6m 37s Â· â†“ 6.6k tokens)' status='Fermentingâ€¦ (6m 37s Â· â†“ 6.6k tokens)'
02-15 18:36:05.914 14011 14032 D OutputProcessor: thinking row=9 rowText='* Fermentingâ€¦ (6m 37s Â· â†“ 6.6k tokens)' status='Fermentingâ€¦ (6m 37s Â· â†“ 6.6k tokens)'
02-15 18:36:05.927 14011 14455 D SshManager: Received 23 bytes: [5d[37m [19;1H(B[m
02-15 18:36:05.929 14011 14032 D OutputProcessor: chunk len=23 type=INCREMENTAL: â‹[5dâ‹[37m â‹[19;1Hâ‹(Bâ‹[m
02-15 18:36:05.931 14011 14032 D OutputProcessor: thinking row=9 rowText='* Fermentingâ€¦ (6m 37s Â· â†“ 6.6k tokens)' status='Fermentingâ€¦ (6m 37s Â· â†“ 6.6k tokens)'
02-15 18:36:06.109 14011 14455 D SshManager: Received 25 bytes: [9A[31mâœ¶[19;1H(B[m
02-15 18:36:06.113 14011 14617 D OutputProcessor: chunk len=23 type=INCREMENTAL: â‹[9Aâ‹[31mâœ¶â‹[19;1Hâ‹(Bâ‹[m
02-15 18:36:06.114 14011 14617 D OutputProcessor: thinking row=9 rowText='âœ¶ Fermentingâ€¦ (6m 37s Â· â†“ 6.6k tokens)' status='Fermentingâ€¦ (6m 37s Â· â†“ 6.6k tokens)'
02-15 18:36:06.117 14011 14617 D OutputProcessor: thinking row=9 rowText='âœ¶ Fermentingâ€¦ (6m 37s Â· â†“ 6.6k tokens)' status='Fermentingâ€¦ (6m 37s Â· â†“ 6.6k tokens)'
02-15 18:36:06.278 14011 14455 D SshManager: Received 110 bytes: [30m[42m[24d[0] 0:zsh  1:claude- 2:claude*           "â  Go and Chess Bot Te" 
02-15 18:36:06.282 14011 14617 D OutputProcessor: chunk len=108 type=TMUX_BAR: â‹[30mâ‹[42mâ‹[24d[0] 0:zsh  1:claude- 2:claude*           "â  Go and Chess Bot Te" 02:36 16-Feb-26â‹(Bâ‹[mâ‹[19;1H
02-15 18:36:06.286 14011 14455 D SshManager: Received 46 bytes: [9A[31mâœ½[C[93mFermentingâ€¦[19;1H(B[m
02-15 18:36:06.289 14011 14617 D OutputProcessor: chunk len=42 type=INCREMENTAL: â‹[9Aâ‹[31mâœ½â‹[Câ‹[93mFermentingâ€¦â‹[19;1Hâ‹(Bâ‹[m
02-15 18:36:06.291 14011 14617 D OutputProcessor: thinking row=9 rowText='âœ½ Fermentingâ€¦ (6m 37s Â· â†“ 6.6k tokens)' status='Fermentingâ€¦ (6m 37s Â· â†“ 6.6k tokens)'
02-15 18:36:06.291 14011 14617 D OutputProcessor: thinking row=9 rowText='âœ½ Fermentingâ€¦ (6m 37s Â· â†“ 6.6k tokens)' status='Fermentingâ€¦ (6m 37s Â· â†“ 6.6k tokens)'
02-15 18:36:06.523 14011 14455 D SshManager: Received 26 bytes: [7;17H[37m3[19;1H(B[m
02-15 18:36:06.525 14011 14617 D OutputProcessor: chunk len=26 type=INCREMENTAL: â‹[7;17Hâ‹[37m3â‹[19;1Hâ‹(Bâ‹[m
02-15 18:36:06.527 14011 14617 D OutputProcessor: thinking row=9 rowText='âœ½ Fermentingâ€¦ (6m 37s Â· â†“ 6.6k tokens)' status='Fermentingâ€¦ (6m 37s Â· â†“ 6.6k tokens)'
02-15 18:36:06.529 14011 14617 D OutputProcessor: thinking row=9 rowText='âœ½ Fermentingâ€¦ (6m 37s Â· â†“ 6.6k tokens)' status='Fermentingâ€¦ (6m 37s Â· â†“ 6.6k tokens)'
02-15 18:36:06.534 14011 14617 D OutputProcessor: emit: '  â¿ Â Runningâ€¦ (13s Â· timeout 10m)'
02-15 18:36:06.534 14011 14455 D SshManager: Received 40 bytes: [5d[37mâ—[10;1H[31mâœ»[19;1H(B[m
02-15 18:36:06.535 14011 14617 D OutputProcessor: chunk len=36 type=INCREMENTAL: â‹[5dâ‹[37mâ—â‹[10;1Hâ‹[31mâœ»â‹[19;1Hâ‹(Bâ‹[m
02-15 18:36:06.535 14011 14617 D OutputProcessor: thinking row=9 rowText='âœ» Fermentingâ€¦ (6m 37s Â· â†“ 6.6k tokens)' status='Fermentingâ€¦ (6m 37s Â· â†“ 6.6k tokens)'
02-15 18:36:06.567 14011 14455 D SshManager: Received 25 bytes: [9A[31mâœ¶[19;1H(B[m
02-15 18:36:06.570 14011 14032 D OutputProcessor: chunk len=23 type=INCREMENTAL: â‹[9Aâ‹[31mâœ¶â‹[19;1Hâ‹(Bâ‹[m
02-15 18:36:06.571 14011 14032 D OutputProcessor: thinking row=9 rowText='âœ¶ Fermentingâ€¦ (6m 37s Â· â†“ 6.6k tokens)' status='Fermentingâ€¦ (6m 37s Â· â†“ 6.6k tokens)'
02-15 18:36:06.618 14011 14455 D SshManager: Received 27 bytes: [10;20H[37m8[19;1H(B[m
02-15 18:36:06.620 14011 14617 D OutputProcessor: chunk len=27 type=INCREMENTAL: â‹[10;20Hâ‹[37m8â‹[19;1Hâ‹(Bâ‹[m
02-15 18:36:06.621 14011 14617 D OutputProcessor: thinking row=9 rowText='âœ¶ Fermentingâ€¦ (6m 38s Â· â†“ 6.6k tokens)' status='Fermentingâ€¦ (6m 38s Â· â†“ 6.6k tokens)'
02-15 18:36:06.622 14011 14617 D OutputProcessor: thinking row=9 rowText='âœ¶ Fermentingâ€¦ (6m 38s Â· â†“ 6.6k tokens)' status='Fermentingâ€¦ (6m 38s Â· â†“ 6.6k tokens)'
02-15 18:36:06.727 14011 14455 D SshManager: Received 23 bytes: [9A[31m*[19;1H(B[m
02-15 18:36:06.731 14011 14617 D OutputProcessor: chunk len=23 type=INCREMENTAL: â‹[9Aâ‹[31m*â‹[19;1Hâ‹(Bâ‹[m
02-15 18:36:06.732 14011 14617 D OutputProcessor: thinking row=9 rowText='* Fermentingâ€¦ (6m 38s Â· â†“ 6.6k tokens)' status='Fermentingâ€¦ (6m 38s Â· â†“ 6.6k tokens)'
02-15 18:36:06.734 14011 14617 D OutputProcessor: thinking row=9 rowText='* Fermentingâ€¦ (6m 38s Â· â†“ 6.6k tokens)' status='Fermentingâ€¦ (6m 38s Â· â†“ 6.6k tokens)'
02-15 18:36:06.826 14011 14455 D SshManager: Received 46 bytes: [9A[31mâœ¢[C[33mFermentingâ€¦[19;1H(B[m
02-15 18:36:06.828 14011 14617 D OutputProcessor: chunk len=42 type=INCREMENTAL: â‹[9Aâ‹[31mâœ¢â‹[Câ‹[33mFermentingâ€¦â‹[19;1Hâ‹(Bâ‹[m
02-15 18:36:06.829 14011 14617 D OutputProcessor: thinking row=9 rowText='âœ¢ Fermentingâ€¦ (6m 38s Â· â†“ 6.6k tokens)' status='Fermentingâ€¦ (6m 38s Â· â†“ 6.6k tokens)'
02-15 18:36:06.831 14011 14617 D OutputProcessor: thinking row=9 rowText='âœ¢ Fermentingâ€¦ (6m 38s Â· â†“ 6.6k tokens)' status='Fermentingâ€¦ (6m 38s Â· â†“ 6.6k tokens)'
02-15 18:36:07.032 14011 14455 D SshManager: Received 24 bytes: [9A[31mÂ·[19;1H(B[m
02-15 18:36:07.035 14011 14617 D OutputProcessor: chunk len=23 type=INCREMENTAL: â‹[9Aâ‹[31mÂ·â‹[19;1Hâ‹(Bâ‹[m
02-15 18:36:07.036 14011 14617 D OutputProcessor: thinking row=9 rowText='Â· Fermentingâ€¦ (6m 38s Â· â†“ 6.6k tokens)' status='Fermentingâ€¦ (6m 38s Â· â†“ 6.6k tokens)'
02-15 18:36:07.036 14011 14617 D OutputProcessor: thinking row=9 rowText='Â· Fermentingâ€¦ (6m 38s Â· â†“ 6.6k tokens)' status='Fermentingâ€¦ (6m 38s Â· â†“ 6.6k tokens)'
02-15 18:36:07.342 14011 14455 D SshManager: Received 110 bytes: [30m[42m[24d[0] 0:zsh  1:claude- 2:claude*           "â ‚ Go and Chess Bot Te" 
02-15 18:36:07.344 14011 14455 D SshManager: Received 52 bytes: [5d[37m [10;1H[31m*[CFermentingâ€¦[19;1H(B[m
02-15 18:36:07.346 14011 14398 D OutputProcessor: chunk len=108 type=TMUX_BAR: â‹[30mâ‹[42mâ‹[24d[0] 0:zsh  1:claude- 2:claude*           "â ‚ Go and Chess Bot Te" 02:36 16-Feb-26â‹(Bâ‹[mâ‹[19;1H
02-15 18:36:07.352 14011 14398 D OutputProcessor: chunk len=50 type=INCREMENTAL: â‹[5dâ‹[37m â‹[10;1Hâ‹[31m*â‹[CFermentingâ€¦â‹[19;1Hâ‹(Bâ‹[m
02-15 18:36:07.353 14011 14398 D OutputProcessor: thinking row=9 rowText='* Fermentingâ€¦ (6m 38s Â· â†“ 6.6k tokens)' status='Fermentingâ€¦ (6m 38s Â· â†“ 6.6k tokens)'
02-15 18:36:07.355 14011 14398 D OutputProcessor: thinking row=9 rowText='* Fermentingâ€¦ (6m 38s Â· â†“ 6.6k tokens)' status='Fermentingâ€¦ (6m 38s Â· â†“ 6.6k tokens)'
02-15 18:36:07.543 14011 14455 D SshManager: Received 26 bytes: [7;17H[37m4[19;1H(B[m
02-15 18:36:07.544 14011 14455 D SshManager: Received 25 bytes: [9A[31mâœ»[19;1H(B[m
02-15 18:36:07.545 14011 14398 D OutputProcessor: chunk len=26 type=INCREMENTAL: â‹[7;17Hâ‹[37m4â‹[19;1Hâ‹(Bâ‹[m
02-15 18:36:07.545 14011 14398 D OutputProcessor: thinking row=9 rowText='* Fermentingâ€¦ (6m 38s Â· â†“ 6.6k tokens)' status='Fermentingâ€¦ (6m 38s Â· â†“ 6.6k tokens)'
02-15 18:36:07.546 14011 14398 D OutputProcessor: thinking row=9 rowText='* Fermentingâ€¦ (6m 38s Â· â†“ 6.6k tokens)' status='Fermentingâ€¦ (6m 38s Â· â†“ 6.6k tokens)'
02-15 18:36:07.548 14011 14398 D OutputProcessor: emit: '  â¿ Â Runningâ€¦ (14s Â· timeout 10m)'
02-15 18:36:07.548 14011 14398 D OutputProcessor: chunk len=23 type=INCREMENTAL: â‹[9Aâ‹[31mâœ»â‹[19;1Hâ‹(Bâ‹[m
02-15 18:36:07.549 14011 14398 D OutputProcessor: thinking row=9 rowText='âœ» Fermentingâ€¦ (6m 38s Â· â†“ 6.6k tokens)' status='Fermentingâ€¦ (6m 38s Â· â†“ 6.6k tokens)'
02-15 18:36:07.751 14011 14455 D SshManager: Received 36 bytes: [9A[31mâœ½[18C[37m9[19;1H(B[m
02-15 18:36:07.755 14011 14617 D OutputProcessor: chunk len=34 type=INCREMENTAL: â‹[9Aâ‹[31mâœ½â‹[18Câ‹[37m9â‹[19;1Hâ‹(Bâ‹[m
02-15 18:36:07.757 14011 14617 D OutputProcessor: thinking row=9 rowText='âœ½ Fermentingâ€¦ (6m 39s Â· â†“ 6.6k tokens)' status='Fermentingâ€¦ (6m 39s Â· â†“ 6.6k tokens)'
02-15 18:36:07.758 14011 14617 D OutputProcessor: thinking row=9 rowText='âœ½ Fermentingâ€¦ (6m 39s Â· â†“ 6.6k tokens)' status='Fermentingâ€¦ (6m 39s Â· â†“ 6.6k tokens)'
02-15 18:36:07.773 14011 14455 D SshManager: Received 38 bytes: [10;3H[33mFermentingâ€¦[19;1H(B[m
02-15 18:36:07.775 14011 14617 D OutputProcessor: chunk len=36 type=INCREMENTAL: â‹[10;3Hâ‹[33mFermentingâ€¦â‹[19;1Hâ‹(Bâ‹[m
02-15 18:36:07.777 14011 14617 D OutputProcessor: thinking row=9 rowText='âœ½ Fermentingâ€¦ (6m 39s Â· â†“ 6.6k tokens)' status='Fermentingâ€¦ (6m 39s Â· â†“ 6.6k tokens)'
02-15 18:36:07.955 14011 14455 D SshManager: Received 25 bytes: [9A[31mâœ»[19;1H(B[m
02-15 18:36:07.957 14011 14455 D SshManager: Received 25 bytes: [5d[37mâ—[19;1H(B[m
02-15 18:36:07.958 14011 14034 D OutputProcessor: chunk len=23 type=INCREMENTAL: â‹[9Aâ‹[31mâœ»â‹[19;1Hâ‹(Bâ‹[m
02-15 18:36:07.958 14011 14034 D OutputProcessor: thinking row=9 rowText='âœ» Fermentingâ€¦ (6m 39s Â· â†“ 6.6k tokens)' status='Fermentingâ€¦ (6m 39s Â· â†“ 6.6k tokens)'
02-15 18:36:07.959 14011 14034 D OutputProcessor: thinking row=9 rowText='âœ» Fermentingâ€¦ (6m 39s Â· â†“ 6.6k tokens)' status='Fermentingâ€¦ (6m 39s Â· â†“ 6.6k tokens)'
02-15 18:36:07.960 14011 14034 D OutputProcessor: chunk len=23 type=INCREMENTAL: â‹[5dâ‹[37mâ—â‹[19;1Hâ‹(Bâ‹[m
02-15 18:36:07.960 14011 14034 D OutputProcessor: thinking row=9 rowText='âœ» Fermentingâ€¦ (6m 39s Â· â†“ 6.6k tokens)' status='Fermentingâ€¦ (6m 39s Â· â†“ 6.6k tokens)'
02-15 18:36:08.056 14011 14455 D SshManager: Received 25 bytes: [9A[31mâœ¶[19;1H(B[m
02-15 18:36:08.059 14011 14617 D OutputProcessor: chunk len=23 type=INCREMENTAL: â‹[9Aâ‹[31mâœ¶â‹[19;1Hâ‹(Bâ‹[m
02-15 18:36:08.060 14011 14617 D OutputProcessor: thinking row=9 rowText='âœ¶ Fermentingâ€¦ (6m 39s Â· â†“ 6.6k tokens)' status='Fermentingâ€¦ (6m 39s Â· â†“ 6.6k tokens)'
02-15 18:36:08.062 14011 14617 D OutputProcessor: thinking row=9 rowText='âœ¶ Fermentingâ€¦ (6m 39s Â· â†“ 6.6k tokens)' status='Fermentingâ€¦ (6m 39s Â· â†“ 6.6k tokens)'
02-15 18:36:08.364 14011 14455 D SshManager: Received 26 bytes: [7;17H[37m5[19;1H(B[m
02-15 18:36:08.366 14011 14617 D OutputProcessor: chunk len=26 type=INCREMENTAL: â‹[7;17Hâ‹[37m5â‹[19;1Hâ‹(Bâ‹[m
02-15 18:36:08.366 14011 14455 D SshManager: Received 110 bytes: [30m[42m[24d[0] 0:zsh  1:claude- 2:claude*           "â  Go and Chess Bot Te" 
02-15 18:36:08.366 14011 14617 D OutputProcessor: thinking row=9 rowText='âœ¶ Fermentingâ€¦ (6m 39s Â· â†“ 6.6k tokens)' status='Fermentingâ€¦ (6m 39s Â· â†“ 6.6k tokens)'
02-15 18:36:08.366 14011 14455 D SshManager: Received 46 bytes: [9A[31mâœ¢[C[93mFermentingâ€¦[19;1H(B[m
02-15 18:36:08.367 14011 14617 D OutputProcessor: thinking row=9 rowText='âœ¶ Fermentingâ€¦ (6m 39s Â· â†“ 6.6k tokens)' status='Fermentingâ€¦ (6m 39s Â· â†“ 6.6k tokens)'
02-15 18:36:08.367 14011 14455 D SshManager: Received 24 bytes: [9A[31mÂ·[19;1H(B[m
02-15 18:36:08.368 14011 14617 D OutputProcessor: emit: '  â¿ Â Runningâ€¦ (15s Â· timeout 10m)'
02-15 18:36:08.369 14011 14617 D OutputProcessor: chunk len=108 type=TMUX_BAR: â‹[30mâ‹[42mâ‹[24d[0] 0:zsh  1:claude- 2:claude*           "â  Go and Chess Bot Te" 02:36 16-Feb-26â‹(Bâ‹[mâ‹[19;1H
02-15 18:36:08.370 14011 14617 D OutputProcessor: chunk len=42 type=INCREMENTAL: â‹[9Aâ‹[31mâœ¢â‹[Câ‹[93mFermentingâ€¦â‹[19;1Hâ‹(Bâ‹[m
02-15 18:36:08.370 14011 14617 D OutputProcessor: thinking row=9 rowText='âœ¢ Fermentingâ€¦ (6m 39s Â· â†“ 6.6k tokens)' status='Fermentingâ€¦ (6m 39s Â· â†“ 6.6k tokens)'
02-15 18:36:08.370 14011 14617 D OutputProcessor: chunk len=23 type=INCREMENTAL: â‹[9Aâ‹[31mÂ·â‹[19;1Hâ‹(Bâ‹[m
02-15 18:36:08.371 14011 14617 D OutputProcessor: thinking row=9 rowText='Â· Fermentingâ€¦ (6m 39s Â· â†“ 6.6k tokens)' status='Fermentingâ€¦ (6m 39s Â· â†“ 6.6k tokens)'
02-15 18:36:08.573 14011 14455 D SshManager: Received 23 bytes: [5d[37m [19;1H(B[m
02-15 18:36:08.577 14011 14032 D OutputProcessor: chunk len=23 type=INCREMENTAL: â‹[5dâ‹[37m â‹[19;1Hâ‹(Bâ‹[m
02-15 18:36:08.579 14011 14032 D OutputProcessor: thinking row=9 rowText='Â· Fermentingâ€¦ (6m 39s Â· â†“ 6.6k tokens)' status='Fermentingâ€¦ (6m 39s Â· â†“ 6.6k tokens)'
02-15 18:36:08.582 14011 14032 D OutputProcessor: thinking row=9 rowText='Â· Fermentingâ€¦ (6m 39s Â· â†“ 6.6k tokens)' status='Fermentingâ€¦ (6m 39s Â· â†“ 6.6k tokens)'
02-15 18:36:08.598 14011 14455 D SshManager: Received 25 bytes: [9A[31mâœ¢[19;1H(B[m
02-15 18:36:08.600 14011 14032 D OutputProcessor: chunk len=23 type=INCREMENTAL: â‹[9Aâ‹[31mâœ¢â‹[19;1Hâ‹(Bâ‹[m
02-15 18:36:08.601 14011 14032 D OutputProcessor: thinking row=9 rowText='âœ¢ Fermentingâ€¦ (6m 39s Â· â†“ 6.6k tokens)' status='Fermentingâ€¦ (6m 39s Â· â†“ 6.6k tokens)'
02-15 18:36:08.775 14011 14455 D SshManager: Received 28 bytes: [10;19H[37m40[19;1H(B[m
02-15 18:36:08.777 14011 14455 D SshManager: Received 23 bytes: [9A[31m*[19;1H(B[m
02-15 18:36:08.778 14011 14617 D OutputProcessor: chunk len=28 type=INCREMENTAL: â‹[10;19Hâ‹[37m40â‹[19;1Hâ‹(Bâ‹[m
02-15 18:36:08.779 14011 14617 D OutputProcessor: thinking row=9 rowText='âœ¢ Fermentingâ€¦ (6m 40s Â· â†“ 6.6k tokens)' status='Fermentingâ€¦ (6m 40s Â· â†“ 6.6k tokens)'
02-15 18:36:08.782 14011 14617 D OutputProcessor: thinking row=9 rowText='âœ¢ Fermentingâ€¦ (6m 40s Â· â†“ 6.6k tokens)' status='Fermentingâ€¦ (6m 40s Â· â†“ 6.6k tokens)'
02-15 18:36:08.785 14011 14617 D OutputProcessor: chunk len=23 type=INCREMENTAL: â‹[9Aâ‹[31m*â‹[19;1Hâ‹(Bâ‹[m
02-15 18:36:08.785 14011 14617 D OutputProcessor: thinking row=9 rowText='* Fermentingâ€¦ (6m 40s Â· â†“ 6.6k tokens)' status='Fermentingâ€¦ (6m 40s Â· â†“ 6.6k tokens)'
02-15 18:36:08.785 14011 14455 D SshManager: Received 38 bytes: [10;3H[33mFermentingâ€¦[19;1H(B[m
02-15 18:36:08.786 14011 14617 D OutputProcessor: chunk len=36 type=INCREMENTAL: â‹[10;3Hâ‹[33mFermentingâ€¦â‹[19;1Hâ‹(Bâ‹[m
02-15 18:36:08.786 14011 14617 D OutputProcessor: thinking row=9 rowText='* Fermentingâ€¦ (6m 40s Â· â†“ 6.6k tokens)' status='Fermentingâ€¦ (6m 40s Â· â†“ 6.6k tokens)'
02-15 18:36:08.876 14011 14455 D SshManager: Received 25 bytes: [9A[31mâœ¶[19;1H(B[m
02-15 18:36:08.879 14011 14032 D OutputProcessor: chunk len=23 type=INCREMENTAL: â‹[9Aâ‹[31mâœ¶â‹[19;1Hâ‹(Bâ‹[m
02-15 18:36:08.879 14011 14032 D OutputProcessor: thinking row=9 rowText='âœ¶ Fermentingâ€¦ (6m 40s Â· â†“ 6.6k tokens)' status='Fermentingâ€¦ (6m 40s Â· â†“ 6.6k tokens)'
02-15 18:36:08.880 14011 14032 D OutputProcessor: thinking row=9 rowText='âœ¶ Fermentingâ€¦ (6m 40s Â· â†“ 6.6k tokens)' status='Fermentingâ€¦ (6m 40s Â· â†“ 6.6k tokens)'
02-15 18:36:09.082 14011 14455 D SshManager: Received 25 bytes: [9A[31mâœ»[19;1H(B[m
02-15 18:36:09.086 14011 14032 D OutputProcessor: chunk len=23 type=INCREMENTAL: â‹[9Aâ‹[31mâœ»â‹[19;1Hâ‹(Bâ‹[m
02-15 18:36:09.087 14011 14032 D OutputProcessor: thinking row=9 rowText='âœ» Fermentingâ€¦ (6m 40s Â· â†“ 6.6k tokens)' status='Fermentingâ€¦ (6m 40s Â· â†“ 6.6k tokens)'
02-15 18:36:09.090 14011 14032 D OutputProcessor: thinking row=9 rowText='âœ» Fermentingâ€¦ (6m 40s Â· â†“ 6.6k tokens)' status='Fermentingâ€¦ (6m 40s Â· â†“ 6.6k tokens)'
02-15 18:36:09.277 14011 14455 D SshManager: Received 110 bytes: [30m[42m[24d[0] 0:zsh  1:claude- 2:claude*           "â ‚ Go and Chess Bot Te" 
02-15 18:36:09.280 14011 14032 D OutputProcessor: chunk len=108 type=TMUX_BAR: â‹[30mâ‹[42mâ‹[24d[0] 0:zsh  1:claude- 2:claude*           "â ‚ Go and Chess Bot Te" 02:36 16-Feb-26â‹(Bâ‹[mâ‹[19;1H
02-15 18:36:09.290 14011 14455 D SshManager: Received 56 bytes: [5d[37mâ—[10;1H[31mâœ½[CFermentingâ€¦[19;1H(B[m
02-15 18:36:09.292 14011 14032 D OutputProcessor: chunk len=50 type=INCREMENTAL: â‹[5dâ‹[37mâ—â‹[10;1Hâ‹[31mâœ½â‹[CFermentingâ€¦â‹[19;1Hâ‹(Bâ‹[m
02-15 18:36:09.294 14011 14032 D OutputProcessor: thinking row=9 rowText='âœ½ Fermentingâ€¦ (6m 40s Â· â†“ 6.6k tokens)' status='Fermentingâ€¦ (6m 40s Â· â†“ 6.6k tokens)'
02-15 18:36:09.298 14011 14032 D OutputProcessor: thinking row=9 rowText='âœ½ Fermentingâ€¦ (6m 40s Â· â†“ 6.6k tokens)' status='Fermentingâ€¦ (6m 40s Â· â†“ 6.6k tokens)'
02-15 18:36:09.594 14011 14455 D SshManager: Received 26 bytes: [7;17H[37m6[19;1H(B[m
02-15 18:36:09.595 14011 14455 D SshManager: Received 23 bytes: [9A[31m*[19;1H(B[m
02-15 18:36:09.596 14011 14032 D OutputProcessor: chunk len=26 type=INCREMENTAL: â‹[7;17Hâ‹[37m6â‹[19;1Hâ‹(Bâ‹[m
02-15 18:36:09.598 14011 14032 D OutputProcessor: thinking row=9 rowText='âœ½ Fermentingâ€¦ (6m 40s Â· â†“ 6.6k tokens)' status='Fermentingâ€¦ (6m 40s Â· â†“ 6.6k tokens)'
02-15 18:36:09.601 14011 14032 D OutputProcessor: thinking row=9 rowText='âœ½ Fermentingâ€¦ (6m 40s Â· â†“ 6.6k tokens)' status='Fermentingâ€¦ (6m 40s Â· â†“ 6.6k tokens)'
02-15 18:36:09.604 14011 14032 D OutputProcessor: emit: '  â¿ Â Runningâ€¦ (16s Â· timeout 10m)'
02-15 18:36:09.605 14011 14032 D OutputProcessor: chunk len=23 type=INCREMENTAL: â‹[9Aâ‹[31m*â‹[19;1Hâ‹(Bâ‹[m
02-15 18:36:09.606 14011 14032 D OutputProcessor: thinking row=9 rowText='* Fermentingâ€¦ (6m 40s Â· â†“ 6.6k tokens)' status='Fermentingâ€¦ (6m 40s Â· â†“ 6.6k tokens)'
02-15 18:36:09.613 14011 14455 D SshManager: Received 27 bytes: [10;20H[37m1[19;1H(B[m
02-15 18:36:09.614 14011 14398 D OutputProcessor: chunk len=27 type=INCREMENTAL: â‹[10;20Hâ‹[37m1â‹[19;1Hâ‹(Bâ‹[m
02-15 18:36:09.614 14011 14398 D OutputProcessor: thinking row=9 rowText='* Fermentingâ€¦ (6m 41s Â· â†“ 6.6k tokens)' status='Fermentingâ€¦ (6m 41s Â· â†“ 6.6k tokens)'